[36mINFO[0m[2026-07-31 08:07:31] ✅ Logger initialized                          [36mchannel[0m=daily [36mfields.level[0m=info [36mfile[0m="logs\\app-2026-07-31.log" [36mmode[0m=file+console

2026/07/31 08:07:31 [32mD:/TestLaB/Golang/backend/internal/infrastructure/database/db.go:96
[0m[32m[info] [0mreplacing callback `gorm:create` from D:/TestLaB/Golang/backend/internal/infrastructure/database/db.go:96

2026/07/31 08:07:31 [32mD:/TestLaB/Golang/backend/internal/infrastructure/database/db.go:96
[0m[32m[info] [0mreplacing callback `gorm:update` from D:/TestLaB/Golang/backend/internal/infrastructure/database/db.go:96

2026/07/31 08:07:31 [32mD:/TestLaB/Golang/backend/internal/features/activity/activity_plugin.go:88
[0m[33m[1.909ms] [34;1m[rows:1][0m SELECT count(*) FROM sys.tables WHERE name = 'activity_log_config'

2026/07/31 08:07:31 [32mD:/TestLaB/Golang/backend/internal/features/activity/activity_plugin.go:42
[0m[33m[1.167ms] [34;1m[rows:0][0m SELECT * FROM "activity_log_config"

2026/07/31 08:07:31 [32mD:/TestLaB/Golang/backend/internal/features/activity/activity_plugin.go:88
[0m[33m[0.768ms] [34;1m[rows:1][0m SELECT count(*) FROM sys.tables WHERE name = 'activity_log_config'
[36mINFO[0m[2026-07-31 08:07:31] ✅ Activity log config loaded successfully    
[36mINFO[0m[2026-07-31 08:07:31] ✅ Activity logging plugin registered (CREATE, UPDATE, DELETE hooks) 

2026/07/31 08:07:31 [32mD:/TestLaB/Golang/backend/internal/infrastructure/database/db.go:131
[0m[32m[info] [0mreplacing callback `gorm:query` from D:/TestLaB/Golang/backend/internal/infrastructure/database/db.go:131

2026/07/31 08:07:31 [32mD:/TestLaB/Golang/backend/internal/infrastructure/database/db.go:205
[0m[32m[info] [0mreplacing callback `gorm:row` from D:/TestLaB/Golang/backend/internal/infrastructure/database/db.go:205
2026/07/31 08:07:31 Database connection established 127.0.0.1:1433/dbwbcp2
2026/07/31 08:07:31 Activity logging plugin registered
2026/07/31 08:07:31 SQL Server 2008 compatibility shim enabled (OFFSET...FETCH -> TOP)
2026/07/31 08:07:31 Redis connection established
[GIN-debug] [WARNING] Creating an Engine instance with the Logger and Recovery middleware already attached.

[GIN-debug] [WARNING] Running in "debug" mode. Switch to "release" mode in production.
 - using env:	export GIN_MODE=release
 - using code:	gin.SetMode(gin.ReleaseMode)

[GIN-debug] GET    /health                   --> github.com/masza1/dapen-backend/internal/app/routes.SetupRoutes.func1 (7 handlers)
[GIN-debug] GET    /swagger/*any             --> github.com/swaggo/gin-swagger.CustomWrapHandler.func1 (7 handlers)
[GIN-debug] POST   /api/auth/login           --> github.com/masza1/dapen-backend/internal/features/identity/auth.(*SAuthHandler).Login-fm (7 handlers)
[GIN-debug] POST   /api/auth/refresh         --> github.com/masza1/dapen-backend/internal/features/identity/auth.(*SAuthHandler).RefreshToken-fm (7 handlers)
[GIN-debug] POST   /api/auth/change-password --> github.com/masza1/dapen-backend/internal/features/identity/auth.(*SAuthHandler).ChangePassword-fm (9 handlers)
[GIN-debug] GET    /api/me                   --> github.com/masza1/dapen-backend/internal/features/identity/auth.(*SAuthHandler).GetMe-fm (9 handlers)
[GIN-debug] GET    /api/menus/sidebar        --> github.com/masza1/dapen-backend/internal/features/dashboard.(*SDashboardHandler).GetSidebarMenu-fm (9 handlers)
[GIN-debug] GET    /api/dashboard/stats      --> github.com/masza1/dapen-backend/internal/features/dashboard.(*SDashboardHandler).GetStats-fm (9 handlers)
[GIN-debug] GET    /api/dashboard/pensiunan-without-files --> github.com/masza1/dapen-backend/internal/features/dashboard.(*SDashboardHandler).GetPensiunanWithoutFiles-fm (9 handlers)
[GIN-debug] GET    /api/berkas/get-periode   --> github.com/masza1/dapen-backend/internal/legacy/handlers.(*SPeriodeHandler).GetPeriode-fm (9 handlers)
[GIN-debug] PUT    /api/berkas/set-periode   --> github.com/masza1/dapen-backend/internal/legacy/handlers.(*SPeriodeHandler).SetPeriode-fm (9 handlers)
[GIN-debug] GET    /api/customers            --> github.com/masza1/dapen-backend/internal/features/filters.(*SFilterHandler).GetCustomers-fm (9 handlers)
[GIN-debug] GET    /api/perkiraan            --> github.com/masza1/dapen-backend/internal/features/filters.(*SFilterHandler).GetPerkiraan-fm (9 handlers)
[GIN-debug] GET    /api/perkiraan/kelompok-kas --> github.com/masza1/dapen-backend/internal/features/filters.(*SFilterHandler).GetKelompokKas-fm (9 handlers)
[GIN-debug] GET    /api/admin/stats          --> github.com/masza1/dapen-backend/internal/app/routes.SetupRoutes.func2 (10 handlers)
[GIN-debug] GET    /api/admin/menu           --> github.com/masza1/dapen-backend/internal/features/menu.(*SMenuHandler).GetAllMenus-fm (10 handlers)
[GIN-debug] GET    /api/admin/menu/parents   --> github.com/masza1/dapen-backend/internal/features/menu.(*SMenuHandler).GetParentMenus-fm (10 handlers)
[GIN-debug] GET    /api/admin/menu/:kode     --> github.com/masza1/dapen-backend/internal/features/menu.(*SMenuHandler).GetMenuByID-fm (10 handlers)
[GIN-debug] POST   /api/admin/menu           --> github.com/masza1/dapen-backend/internal/features/menu.(*SMenuHandler).CreateMenu-fm (10 handlers)
[GIN-debug] PUT    /api/admin/menu/:kode     --> github.com/masza1/dapen-backend/internal/features/menu.(*SMenuHandler).UpdateMenu-fm (10 handlers)
[GIN-debug] DELETE /api/admin/menu/:kode     --> github.com/masza1/dapen-backend/internal/features/menu.(*SMenuHandler).DeleteMenu-fm (10 handlers)
[GIN-debug] GET    /api/admin/activity-logs  --> github.com/masza1/dapen-backend/internal/features/activity.(*SActivityLogHandler).GetLogs-fm (10 handlers)
[GIN-debug] GET    /api/admin/activity-logs/configs --> github.com/masza1/dapen-backend/internal/features/activity.(*SActivityLogHandler).GetConfigs-fm (10 handlers)
[GIN-debug] GET    /api/admin/activity-logs/configs/:table_name --> github.com/masza1/dapen-backend/internal/features/activity.(*SActivityLogHandler).GetConfigByTableName-fm (10 handlers)
[GIN-debug] POST   /api/admin/activity-logs/configs --> github.com/masza1/dapen-backend/internal/features/activity.(*SActivityLogHandler).SaveConfig-fm (10 handlers)
[GIN-debug] GET    /api/admin/database/tables --> github.com/masza1/dapen-backend/internal/features/activity.(*SActivityLogHandler).GetTables-fm (10 handlers)
[GIN-debug] GET    /api/admin/database/tables/:table_name/columns --> github.com/masza1/dapen-backend/internal/features/activity.(*SActivityLogHandler).GetTableColumns-fm (10 handlers)
[GIN-debug] GET    /api/admin/users          --> github.com/masza1/dapen-backend/internal/features/identity/user.(*SUserHandler).GetUsers-fm (10 handlers)
[GIN-debug] GET    /api/admin/users/:id      --> github.com/masza1/dapen-backend/internal/features/identity/user.(*SUserHandler).GetUser-fm (10 handlers)
[GIN-debug] POST   /api/admin/users          --> github.com/masza1/dapen-backend/internal/features/identity/user.(*SUserHandler).CreateUser-fm (10 handlers)
[GIN-debug] PUT    /api/admin/users/:id      --> github.com/masza1/dapen-backend/internal/features/identity/user.(*SUserHandler).UpdateUser-fm (10 handlers)
[GIN-debug] DELETE /api/admin/users/:id      --> github.com/masza1/dapen-backend/internal/features/identity/user.(*SUserHandler).DeleteUser-fm (10 handlers)
[GIN-debug] GET    /api/admin/users/:id/permissions --> github.com/masza1/dapen-backend/internal/features/identity/permission.(*SPermissionHandler).GetUserPermissions-fm (10 handlers)
[GIN-debug] PUT    /api/admin/users/:id/permissions --> github.com/masza1/dapen-backend/internal/features/identity/permission.(*SPermissionHandler).UpdateUserPermissions-fm (10 handlers)
[GIN-debug] GET    /api/admin/users/:id/permissions/menu --> github.com/masza1/dapen-backend/internal/features/identity/permission.(*SPermissionHandler).GetUserMenuPermissions-fm (10 handlers)
[GIN-debug] GET    /api/admin/users/:id/permissions/report --> github.com/masza1/dapen-backend/internal/features/identity/permission.(*SPermissionHandler).GetUserReportPermissions-fm (10 handlers)
[GIN-debug] GET    /api/admin/users/:id/permissions/coa --> github.com/masza1/dapen-backend/internal/features/identity/permission.(*SPermissionHandler).GetUserCoaAccess-fm (10 handlers)
[GIN-debug] GET    /api/admin/reports/permissions --> github.com/masza1/dapen-backend/internal/features/identity/permission.(*SPermissionHandler).GetPermissionReport-fm (10 handlers)
[GIN-debug] GET    /api/admin/users/:id/sessions --> github.com/masza1/dapen-backend/internal/features/session.(*SSessionHandler).ListUserSessions-fm (10 handlers)
[GIN-debug] DELETE /api/admin/users/:id/sessions/:sessionId --> github.com/masza1/dapen-backend/internal/features/session.(*SSessionHandler).RevokeSession-fm (10 handlers)
[GIN-debug] DELETE /api/admin/users/:id/sessions --> github.com/masza1/dapen-backend/internal/features/session.(*SSessionHandler).RevokeAllSessions-fm (10 handlers)
[GIN-debug] GET    /api/admin/settings/company --> github.com/masza1/dapen-backend/internal/legacy/handlers.(*SSettingHandler).GetCompany-fm (10 handlers)
[GIN-debug] PUT    /api/admin/settings/company --> github.com/masza1/dapen-backend/internal/legacy/handlers.(*SSettingHandler).UpdateCompany-fm (10 handlers)
[GIN-debug] GET    /api/admin/settings/numbers --> github.com/masza1/dapen-backend/internal/legacy/handlers.(*SSettingHandler).GetNumbers-fm (10 handlers)
[GIN-debug] PUT    /api/admin/settings/numbers --> github.com/masza1/dapen-backend/internal/legacy/handlers.(*SSettingHandler).UpdateNumbers-fm (10 handlers)
[GIN-debug] GET    /api/admin/settings/generate-no-bukti --> github.com/masza1/dapen-backend/internal/features/settings.(*SSettingHandler).GenerateNoBukti-fm (10 handlers)
[GIN-debug] POST   /api/admin/settings/commit-counter --> github.com/masza1/dapen-backend/internal/features/settings.(*SSettingHandler).CommitCounter-fm (10 handlers)
[GIN-debug] GET    /api/admin/settings/features --> github.com/masza1/dapen-backend/internal/features/settings.(*SSettingHandler).GetFeatures-fm (10 handlers)
[GIN-debug] GET    /api/accounting/kasbank   --> github.com/masza1/dapen-backend/internal/features/accounting/kasbank.(*SKasBankHandler).ListKasBank-fm (10 handlers)
[GIN-debug] GET    /api/accounting/kasbank/generate-no-bukti --> github.com/masza1/dapen-backend/internal/features/accounting/kasbank.(*SKasBankHandler).GenerateNoBukti-fm (10 handlers)
[GIN-debug] GET    /api/accounting/kasbank/generate-no-bukti-preview --> github.com/masza1/dapen-backend/internal/features/accounting/kasbank.(*SKasBankHandler).GenerateNoBuktiPreview-fm (10 handlers)
[GIN-debug] GET    /api/accounting/kasbank/lookup-perkiraan --> github.com/masza1/dapen-backend/internal/features/accounting/kasbank.(*SKasBankHandler).LookupPerkiraan-fm (10 handlers)
[GIN-debug] GET    /api/accounting/kasbank/lookup-devisi --> github.com/masza1/dapen-backend/internal/features/accounting/kasbank.(*SKasBankHandler).LookupDevisi-fm (10 handlers)
[GIN-debug] GET    /api/accounting/kasbank/  --> github.com/masza1/dapen-backend/internal/features/accounting/kasbank.(*SKasBankHandler).GetKasBank-fm (10 handlers)
[GIN-debug] GET    /api/accounting/kasbank/resolve-subtrans --> github.com/masza1/dapen-backend/internal/features/accounting/kasbank.(*SKasBankHandler).ResolveSubTransaction-fm (10 handlers)
[GIN-debug] GET    /api/accounting/kasbank/outstanding-hutpiut --> github.com/masza1/dapen-backend/internal/features/accounting/kasbank.(*SKasBankHandler).GetOutstandingHutPiut-fm (10 handlers)
[GIN-debug] GET    /api/accounting/kasbank/lookup-custsupp --> github.com/masza1/dapen-backend/internal/features/accounting/kasbank.(*SKasBankHandler).LookupCustSupp-fm (10 handlers)
[GIN-debug] GET    /api/accounting/kasbank/lookup-bagian --> github.com/masza1/dapen-backend/internal/features/accounting/kasbank.(*SKasBankHandler).LookupBagian-fm (10 handlers)
[GIN-debug] GET    /api/accounting/kasbank/lookup-akumulasi-aktiva --> github.com/masza1/dapen-backend/internal/features/accounting/kasbank.(*SKasBankHandler).LookupAkumulasiAktiva-fm (10 handlers)
[GIN-debug] GET    /api/accounting/kasbank/lookup-biaya-aktiva --> github.com/masza1/dapen-backend/internal/features/accounting/kasbank.(*SKasBankHandler).LookupBiayaAktiva-fm (10 handlers)
[GIN-debug] GET    /api/accounting/kasbank/generate-no-urut-aktiva --> github.com/masza1/dapen-backend/internal/features/accounting/kasbank.(*SKasBankHandler).GenerateNoUrutAktiva-fm (10 handlers)
[GIN-debug] GET    /api/accounting/kasbank/generate-no-urut-aktiva2 --> github.com/masza1/dapen-backend/internal/features/accounting/kasbank.(*SKasBankHandler).GenerateNoUrutAktiva2-fm (10 handlers)
[GIN-debug] GET    /api/accounting/kasbank/detail --> github.com/masza1/dapen-backend/internal/features/accounting/kasbank.(*SKasBankHandler).ListKasBankDetail-fm (10 handlers)
[GIN-debug] GET    /api/accounting/kasbank/detail/:urut --> github.com/masza1/dapen-backend/internal/features/accounting/kasbank.(*SKasBankHandler).GetKasBankDetail-fm (10 handlers)
[GIN-debug] GET    /api/accounting/kasbank/pdf --> github.com/masza1/dapen-backend/internal/features/accounting/kasbank.(*SKasBankHandler).DownloadPDF-fm (10 handlers)
[GIN-debug] POST   /api/accounting/kasbank   --> github.com/masza1/dapen-backend/internal/features/accounting/kasbank.(*SKasBankHandler).CreateKasBank-fm (10 handlers)
[GIN-debug] POST   /api/accounting/kasbank/detail --> github.com/masza1/dapen-backend/internal/features/accounting/kasbank.(*SKasBankHandler).AddKasBankDetail-fm (10 handlers)
[GIN-debug] PUT    /api/accounting/kasbank/  --> github.com/masza1/dapen-backend/internal/features/accounting/kasbank.(*SKasBankHandler).UpdateKasBank-fm (10 handlers)
[GIN-debug] PUT    /api/accounting/kasbank/detail/:urut --> github.com/masza1/dapen-backend/internal/features/accounting/kasbank.(*SKasBankHandler).UpdateKasBankDetail-fm (10 handlers)
[GIN-debug] DELETE /api/accounting/kasbank/  --> github.com/masza1/dapen-backend/internal/features/accounting/kasbank.(*SKasBankHandler).DeleteKasBank-fm (10 handlers)
[GIN-debug] DELETE /api/accounting/kasbank/detail/:urut --> github.com/masza1/dapen-backend/internal/features/accounting/kasbank.(*SKasBankHandler).DeleteKasBankDetail-fm (10 handlers)
[GIN-debug] POST   /api/accounting/kasbank/otorisasi --> github.com/masza1/dapen-backend/internal/features/accounting/kasbank.(*SKasBankHandler).SetOtorisasiKasBank-fm (10 handlers)
[GIN-debug] POST   /api/accounting/kasbank/batal-otorisasi --> github.com/masza1/dapen-backend/internal/features/accounting/kasbank.(*SKasBankHandler).BatalOtorisasiKasBank-fm (10 handlers)
[GIN-debug] GET    /api/browse/types         --> github.com/masza1/dapen-backend/internal/features/browse.(*Handler).ListTypes-fm (9 handlers)
[GIN-debug] GET    /api/browse/search        --> github.com/masza1/dapen-backend/internal/features/browse.(*Handler).Search-fm (9 handlers)
[GIN-debug] GET    /api/browse/paged         --> github.com/masza1/dapen-backend/internal/features/browse.(*Handler).SearchPaged-fm (9 handlers)
[GIN-debug] GET    /api/browse/all           --> github.com/masza1/dapen-backend/internal/features/browse.(*Handler).GetAll-fm (9 handlers)
[GIN-debug] POST   /api/browse/validate      --> github.com/masza1/dapen-backend/internal/features/browse.(*Handler).ValidateCode-fm (9 handlers)
[GIN-debug] POST   /api/browse/validate-batch --> github.com/masza1/dapen-backend/internal/features/browse.(*Handler).ValidateBatch-fm (9 handlers)
2026/07/31 08:07:31 Starting server on port 8080...
[GIN-debug] Listening and serving HTTP on :8080
[GIN-debug] [ERROR] listen tcp :8080: bind: Only one usage of each socket address (protocol/network address/port) is normally permitted.
2026/07/31 08:07:31 Failed to start server: listen tcp :8080: bind: Only one usage of each socket address (protocol/network address/port) is normally permitted.
exit status 1
